0
1
10
-1
-3
0
-1
-10
1
3
0
0
0
0
0
Floating point exception 
0
0
0
0
Floating point exception 
0
0
0
0
1
2
11
0
-2
1
0
-9
2
4
0
1
10
-1
-3
Floating point exception 
1
0
-1
0
Floating point exception 
0
1
0
1
10
11
20
9
7
10
9
0
11
13
0
10
100
-10
-30
Floating point exception 
10
1
-10
-3
Floating point exception 
0
0
0
1
-1
0
9
-2
-4
-1
-2
-11
0
2
0
-1
-10
1
3
Floating point exception 
-1
0
1
0
Floating point exception 
0
-1
0
-1
-3
-2
7
-4
-6
-3
-4
-13
-2
0
0
-3
-30
3
9
Floating point exception 
-3
0
3
1
Floating point exception 
0
-3
0
0
